// Vitest Snapshot v1, https://vitest.dev/guide/snapshot.html

exports[`SongTitle > renders loading state when props are empty 1`] = `
<div>
  <div
    class="animate-pulse"
  >
    <div
      class="mb-2 h-8 w-3/4 rounded bg-gray-300 dark:bg-gray-700"
    />
    <div
      class="h-6 w-1/2 rounded bg-gray-300 dark:bg-gray-700"
    />
  </div>
</div>
`;

exports[`SongTitle > renders loading state when props are undefined 1`] = `
<div>
  <div
    class="animate-pulse"
  >
    <div
      class="mb-2 h-8 w-3/4 rounded bg-gray-300 dark:bg-gray-700"
    />
    <div
      class="h-6 w-1/2 rounded bg-gray-300 dark:bg-gray-700"
    />
  </div>
</div>
`;

exports[`SongTitle > renders with title and artist 1`] = `
<div>
  <h1
    class="truncate text-2xl font-bold text-primary-dark dark:text-white"
  >
    Test Song
  </h1>
  <p
    class="truncate text-base font-normal text-primary-dark/80 dark:text-primary-sage"
  >
    Test Artist
  </p>
</div>
`;
